
> @acandrade/ac-bot-avatar@1.0.3 build
> turbo run build

‚Ä¢ turbo 2.8.10
‚Ä¢ Packages in scope: @acandrade/ac-bot-avatar-assets, @acandrade/ac-bot-avatar-core, @acandrade/ac-bot-avatar-react, @acandrade/ac-bot-avatar-utils
‚Ä¢ Running build in 4 packages
‚Ä¢ Remote caching disabled
@acandrade/ac-bot-avatar-core:build: cache miss, executing ab417da76c6de0ac
@acandrade/ac-bot-avatar-core:build: yarn run v1.22.22
@acandrade/ac-bot-avatar-core:build: warning package.json: No license field
@acandrade/ac-bot-avatar-core:build: $ tsc
@acandrade/ac-bot-avatar-core:build: 'tsc' n∆o Ç reconhecido como um comando interno
@acandrade/ac-bot-avatar-core:build: ou externo, um programa oper†vel ou um arquivo em lotes.
@acandrade/ac-bot-avatar-core:build: error Command failed with exit code 1.
@acandrade/ac-bot-avatar-core:build: ERROR: command finished with error: command (D:\ARQUIVOS\PROJETOS\2025\ac-bot-avatar\packages\core) C:\nvm4w\nodejs\yarn.cmd run build exited (1)
@acandrade/ac-bot-avatar-core#build: command (D:\ARQUIVOS\PROJETOS\2025\ac-bot-avatar\packages\core) C:\nvm4w\nodejs\yarn.cmd run build exited (1)

 Tasks:    0 successful, 1 total
Cached:    0 cached, 1 total
  Time:    952ms 
Failed:    @acandrade/ac-bot-avatar-core#build

 ERROR  run failed: command  exited (1)
